{
  "inject empty": {
    "recordings": {
      "test-actor-id": [
        {
          "request": {
            "model": "gpt-4o-mini",
            "messages": [
              {
                "content": "say cheese in emoji",
                "role": "user",
                "name": "test-actor-id"
              }
            ],
            "seed": 1337
          },
          "reply": {
            "assistant": {
              "role": "assistant",
              "content": "Say cheese! ðŸ§€ðŸ˜„",
              "name": "fake/agent.md",
              "refusal": null
            },
            "stats": {
              "created": 1729038718,
              "model": "gpt-4o-mini-2024-07-18",
              "system_fingerprint": "fp_e2bde53e6e",
              "duration": 1270,
              "openAiProcessingMs": 950,
              "usage": {
                "completion_tokens": 8,
                "prompt_tokens": 15,
                "total_tokens": 23,
                "completion_tokens_details": {
                  "reasoning_tokens": 0
                },
                "prompt_tokens_details": {
                  "cached_tokens": 0
                }
              }
            }
          }
        }
      ]
    }
  }
}