{
  "generate images": {
    "recordings": {
      "rep_E8R/test/images:main": [
        {
          "request": {
            "path": "images/test.jpg",
            "prompt": "a dystopian robot overlord mecha",
            "lowQuality": true,
            "size": "1024x1024",
            "style": "natural"
          },
          "reply": {
            "data": {
              "created": 1729383778,
              "data": [
                {
                  "b64_json": "iVBORw0KGgoAAAANSUhEUgAAAAoAAAAKCAIAAAACUFjqAAABQUlEQVR4nAE2Acn+AFWFasx5BD3kQfuYK9zNJJXzR81JXGsdYwxOP/ggyAQC+dlbzrmdUZ+Xgo9sBhbNytzXE2IPfxblFuNZ9vYCD9Qw+7UUN/xCErc8I0gk21S+uCU4EX33VN1CFz5pAHaODSC/a8ZsheMYxX37BIOoMcfnpS8k6KwY7zE9VgKU4CsTmvjyE8lur1yLUAo7SKUu07rY8zYwmNASNh0CvvWpIaH1bs1V01RZE2se73fmxRfts48N4bf03otfBDHQ3j52DzyUBguaBfEcXnDOsBuN6HeYeMbrXRzVtADOYHNpl5tMMNBP2PSqx3YI7MFiBfb2wXFXAxH0JSsA1ZsAv2N5fzoy1PrKBJ8201yyqOsPZKnyqJ10ME7oAfSuLGJaACH+38rm67hvIcxsB99FWZb3Ah6CMO1CEnIBlb6tLzIdAAAAAElFTkSuQmCC",
                  "revised_prompt": "Envision a dystopian scene where a gigantic mecha towers over a bleak cityscape, its metal shell gleaming against the ashen skies. This isn't an ordinary machine, but a representation of the supreme authority, a Robot Overlord. Its intricate techno-anatomy is a marvel of engineering, designed for domination. Every gear, bolt, and wire screams authority and power. Lights blink intermittently from various parts of its body, emitting an ominous glow in the otherwise desolate atmosphere, accentuating its intimidating presence."
                }
              ]
            },
            "response": {}
          }
        }
      ]
    }
  },
  "inject empty": {
    "recordings": {
      "rep_E8R/test/inject-single:main": [
        {
          "request": {
            "model": "gpt-4o-mini",
            "messages": [
              {
                "content": "say cheese in emoji",
                "role": "system"
              }
            ],
            "seed": 1337
          },
          "reply": {
            "assistant": {
              "role": "assistant",
              "content": "ðŸ“¸ðŸ§€",
              "name": "fake/agent.md",
              "refusal": null
            },
            "stats": {
              "created": 1729383781,
              "model": "gpt-4o-mini-2024-07-18",
              "system_fingerprint": "fp_8552ec53e1",
              "duration": 375,
              "openAiProcessingMs": 165,
              "usage": {
                "completion_tokens": 5,
                "prompt_tokens": 11,
                "total_tokens": 16,
                "completion_tokens_details": {
                  "reasoning_tokens": 0
                },
                "prompt_tokens_details": {
                  "cached_tokens": 0
                }
              }
            }
          }
        }
      ]
    }
  }
}